깃 최초등록
------------------------------------------------------------------------------
git config -- 계정정보 설정
$ git config --global user.name "계정"
$ git config --global user.email 이메일

git init -- 깃 초기화
$ git init 

git add -- 로컬 저장소커밋
$ git add . 

git commit -- 커밋
$ git commit -m "First commit

git remote -- 레파지토리 등록
$ git remote add origin #URL#

git push -- 푸쉬
$ git push -u origin master


깃 Clone
------------------------------------------------------------------------------
git clone  
$ git cloen #URL#



원격 저장소 연결해제 
------------------------------------------------------------------------------ 
$ git remote remove origin  <- 깃연결 해제 
$ git remote -v  <- 연결해제 확인 

 

 

비밀번호 변경시 인증오류

------------------------------------------------------------------------------ 

git 허브에서 비밀번호를 변경해서 인증오류 fatal: Authentication failed for 발생시

인증 삭제

$ git config --unset credential.helper

(윈도우) 위 명령어로 안되는 경우  > 제어판\사용자 계정\자격 증명 관리자 에서 ID/PW 직접변경

 

 

기타
------------------------------------------------------------------------------ 
$ git config --list  : 설정정보조회
$ git status : 현재상태조회 ( 커밋상태, unstaging 정보 등 )


깃 로그아웃 (자격증명)
https://syki66.github.io/blog/2020/05/08/github-logout.html